// Jest Snapshot v1, https://goo.gl/fbAQLP

exports[` 1`] = `
<div
  className="sc-AxjAm kofykE"
  title="tiiitle"
/>
`;
