// Jest Snapshot v1, https://goo.gl/fbAQLP

exports[`Shaft - render and match snapshot 1`] = `null`;
