// Jest Snapshot v1, https://goo.gl/fbAQLP

exports[`StickMan - render and match snapshot 1`] = `
<div
  className="sc-AxjAm hvJXFA"
/>
`;
